[0.569s] Invoking command in '/home/vincent/autonomy-monorepo/airside_prec/src/engine': CONDA_PROMPT_MODIFIER=(ros_env) DEBUGINFOD_URLS=https://debuginfod.ubuntu.com PYTHONPATH=/home/vincent/autonomy-monorepo/airside_prec/build/engine/prefix_override:/home/vincent/miniforge3/envs/ros_env/lib/python3.11/site-packages/colcon_core/task/python/colcon_distutils_commands:/home/vincent/autonomy-monorepo/airside_prec/install/engine/lib/python3.11/site-packages:${PYTHONPATH} /home/vincent/miniforge3/envs/ros_env/bin/python3.11 -W ignore:setup.py install is deprecated -W ignore:easy_install command is deprecated setup.py egg_info --egg-base ../../build/engine build --build-base /home/vincent/autonomy-monorepo/airside_prec/build/engine/build install --record /home/vincent/autonomy-monorepo/airside_prec/build/engine/install.log --single-version-externally-managed install_data
[0.704s] running egg_info
[0.704s] writing ../../build/engine/engine.egg-info/PKG-INFO
[0.705s] writing dependency_links to ../../build/engine/engine.egg-info/dependency_links.txt
[0.706s] writing entry points to ../../build/engine/engine.egg-info/entry_points.txt
[0.706s] writing requirements to ../../build/engine/engine.egg-info/requires.txt
[0.706s] writing top-level names to ../../build/engine/engine.egg-info/top_level.txt
[0.706s] reading manifest file '../../build/engine/engine.egg-info/SOURCES.txt'
[0.707s] writing manifest file '../../build/engine/engine.egg-info/SOURCES.txt'
[0.707s] running build
[0.707s] running build_py
[0.707s] running install
[0.707s] running install_lib
[0.708s] running install_data
[0.708s] copying ../mavros.yaml -> /home/vincent/autonomy-monorepo/airside_prec/install/engine/share/engine
[0.708s] running install_egg_info
[0.709s] removing '/home/vincent/autonomy-monorepo/airside_prec/install/engine/lib/python3.11/site-packages/engine-0.1.0-py3.11.egg-info' (and everything under it)
[0.709s] Copying ../../build/engine/engine.egg-info to /home/vincent/autonomy-monorepo/airside_prec/install/engine/lib/python3.11/site-packages/engine-0.1.0-py3.11.egg-info
[0.710s] running install_scripts
[0.725s] Installing apriltag script to /home/vincent/autonomy-monorepo/airside_prec/install/engine/lib/engine
[0.725s] Installing camera script to /home/vincent/autonomy-monorepo/airside_prec/install/engine/lib/engine
[0.725s] Installing manager script to /home/vincent/autonomy-monorepo/airside_prec/install/engine/lib/engine
[0.725s] Installing mavros_comms script to /home/vincent/autonomy-monorepo/airside_prec/install/engine/lib/engine
[0.725s] writing list of installed files to '/home/vincent/autonomy-monorepo/airside_prec/build/engine/install.log'
[0.748s] Invoked command in '/home/vincent/autonomy-monorepo/airside_prec/src/engine' returned '0': CONDA_PROMPT_MODIFIER=(ros_env) DEBUGINFOD_URLS=https://debuginfod.ubuntu.com PYTHONPATH=/home/vincent/autonomy-monorepo/airside_prec/build/engine/prefix_override:/home/vincent/miniforge3/envs/ros_env/lib/python3.11/site-packages/colcon_core/task/python/colcon_distutils_commands:/home/vincent/autonomy-monorepo/airside_prec/install/engine/lib/python3.11/site-packages:${PYTHONPATH} /home/vincent/miniforge3/envs/ros_env/bin/python3.11 -W ignore:setup.py install is deprecated -W ignore:easy_install command is deprecated setup.py egg_info --egg-base ../../build/engine build --build-base /home/vincent/autonomy-monorepo/airside_prec/build/engine/build install --record /home/vincent/autonomy-monorepo/airside_prec/build/engine/install.log --single-version-externally-managed install_data
