[1.044s] Invoking command in '/home/vincent/autonomy-monorepo/airside_prec/src/wrapper': CONDA_PROMPT_MODIFIER=(ros_env) DEBUGINFOD_URLS=https://debuginfod.ubuntu.com PYTHONPATH=/home/vincent/autonomy-monorepo/airside_prec/build/wrapper/prefix_override:/home/vincent/miniforge3/envs/ros_env/lib/python3.11/site-packages/colcon_core/task/python/colcon_distutils_commands:/home/vincent/autonomy-monorepo/airside_prec/install/wrapper/lib/python3.11/site-packages:${PYTHONPATH} /home/vincent/miniforge3/envs/ros_env/bin/python3.11 -W ignore:setup.py install is deprecated -W ignore:easy_install command is deprecated setup.py egg_info --egg-base ../../build/wrapper build --build-base /home/vincent/autonomy-monorepo/airside_prec/build/wrapper/build install --record /home/vincent/autonomy-monorepo/airside_prec/build/wrapper/install.log --single-version-externally-managed install_data
[1.251s] running egg_info
[1.251s] writing ../../build/wrapper/wrapper.egg-info/PKG-INFO
[1.253s] writing dependency_links to ../../build/wrapper/wrapper.egg-info/dependency_links.txt
[1.253s] writing entry points to ../../build/wrapper/wrapper.egg-info/entry_points.txt
[1.259s] writing requirements to ../../build/wrapper/wrapper.egg-info/requires.txt
[1.259s] writing top-level names to ../../build/wrapper/wrapper.egg-info/top_level.txt
[1.261s] reading manifest file '../../build/wrapper/wrapper.egg-info/SOURCES.txt'
[1.263s] writing manifest file '../../build/wrapper/wrapper.egg-info/SOURCES.txt'
[1.263s] running build
[1.263s] running build_py
[1.263s] copying wrapper/comms.py -> /home/vincent/autonomy-monorepo/airside_prec/build/wrapper/build/lib/wrapper
[1.265s] running install
[1.265s] running install_lib
[1.267s] copying /home/vincent/autonomy-monorepo/airside_prec/build/wrapper/build/lib/wrapper/comms.py -> /home/vincent/autonomy-monorepo/airside_prec/install/wrapper/lib/python3.11/site-packages/wrapper
[1.268s] byte-compiling /home/vincent/autonomy-monorepo/airside_prec/install/wrapper/lib/python3.11/site-packages/wrapper/comms.py to comms.cpython-311.pyc
[1.271s] running install_data
[1.271s] running install_egg_info
[1.274s] removing '/home/vincent/autonomy-monorepo/airside_prec/install/wrapper/lib/python3.11/site-packages/wrapper-0.1.0-py3.11.egg-info' (and everything under it)
[1.275s] Copying ../../build/wrapper/wrapper.egg-info to /home/vincent/autonomy-monorepo/airside_prec/install/wrapper/lib/python3.11/site-packages/wrapper-0.1.0-py3.11.egg-info
[1.277s] running install_scripts
[1.297s] Installing camera script to /home/vincent/autonomy-monorepo/airside_prec/install/wrapper/lib/wrapper
[1.297s] Installing mavros_comms script to /home/vincent/autonomy-monorepo/airside_prec/install/wrapper/lib/wrapper
[1.298s] writing list of installed files to '/home/vincent/autonomy-monorepo/airside_prec/build/wrapper/install.log'
[1.329s] Invoked command in '/home/vincent/autonomy-monorepo/airside_prec/src/wrapper' returned '0': CONDA_PROMPT_MODIFIER=(ros_env) DEBUGINFOD_URLS=https://debuginfod.ubuntu.com PYTHONPATH=/home/vincent/autonomy-monorepo/airside_prec/build/wrapper/prefix_override:/home/vincent/miniforge3/envs/ros_env/lib/python3.11/site-packages/colcon_core/task/python/colcon_distutils_commands:/home/vincent/autonomy-monorepo/airside_prec/install/wrapper/lib/python3.11/site-packages:${PYTHONPATH} /home/vincent/miniforge3/envs/ros_env/bin/python3.11 -W ignore:setup.py install is deprecated -W ignore:easy_install command is deprecated setup.py egg_info --egg-base ../../build/wrapper build --build-base /home/vincent/autonomy-monorepo/airside_prec/build/wrapper/build install --record /home/vincent/autonomy-monorepo/airside_prec/build/wrapper/install.log --single-version-externally-managed install_data
