[0.960s] Invoking command in '/home/vincent/autonomy-monorepo/airside_prec/build/wrapper': CONDA_PROMPT_MODIFIER=(ros_env) DEBUGINFOD_URLS=https://debuginfod.ubuntu.com PYTHONPATH=/home/vincent/autonomy-monorepo/airside_prec/build/wrapper/prefix_override:/home/vincent/miniforge3/envs/ros_env/lib/python3.11/site-packages/colcon_core/task/python/colcon_distutils_commands:/home/vincent/autonomy-monorepo/airside_prec/install/wrapper/lib/python3.11/site-packages:${PYTHONPATH} /home/vincent/miniforge3/envs/ros_env/bin/python3.11 -W ignore:setup.py install is deprecated -W ignore:easy_install command is deprecated setup.py develop --uninstall --editable --build-directory /home/vincent/autonomy-monorepo/airside_prec/build/wrapper/build
[1.228s] running develop
[1.416s] Removing /home/vincent/autonomy-monorepo/airside_prec/install/wrapper/lib/python3.11/site-packages/wrapper.egg-link (link to .)
[1.458s] Invoked command in '/home/vincent/autonomy-monorepo/airside_prec/build/wrapper' returned '0': CONDA_PROMPT_MODIFIER=(ros_env) DEBUGINFOD_URLS=https://debuginfod.ubuntu.com PYTHONPATH=/home/vincent/autonomy-monorepo/airside_prec/build/wrapper/prefix_override:/home/vincent/miniforge3/envs/ros_env/lib/python3.11/site-packages/colcon_core/task/python/colcon_distutils_commands:/home/vincent/autonomy-monorepo/airside_prec/install/wrapper/lib/python3.11/site-packages:${PYTHONPATH} /home/vincent/miniforge3/envs/ros_env/bin/python3.11 -W ignore:setup.py install is deprecated -W ignore:easy_install command is deprecated setup.py develop --uninstall --editable --build-directory /home/vincent/autonomy-monorepo/airside_prec/build/wrapper/build
[1.460s] Invoking command in '/home/vincent/autonomy-monorepo/airside_prec/src/wrapper': CONDA_PROMPT_MODIFIER=(ros_env) DEBUGINFOD_URLS=https://debuginfod.ubuntu.com PYTHONPATH=/home/vincent/autonomy-monorepo/airside_prec/build/wrapper/prefix_override:/home/vincent/miniforge3/envs/ros_env/lib/python3.11/site-packages/colcon_core/task/python/colcon_distutils_commands:/home/vincent/autonomy-monorepo/airside_prec/install/wrapper/lib/python3.11/site-packages:${PYTHONPATH} /home/vincent/miniforge3/envs/ros_env/bin/python3.11 -W ignore:setup.py install is deprecated -W ignore:easy_install command is deprecated setup.py egg_info --egg-base ../../build/wrapper build --build-base /home/vincent/autonomy-monorepo/airside_prec/build/wrapper/build install --record /home/vincent/autonomy-monorepo/airside_prec/build/wrapper/install.log --single-version-externally-managed install_data --force
[1.705s] running egg_info
[1.706s] writing ../../build/wrapper/wrapper.egg-info/PKG-INFO
[1.707s] writing dependency_links to ../../build/wrapper/wrapper.egg-info/dependency_links.txt
[1.707s] writing entry points to ../../build/wrapper/wrapper.egg-info/entry_points.txt
[1.708s] writing requirements to ../../build/wrapper/wrapper.egg-info/requires.txt
[1.708s] writing top-level names to ../../build/wrapper/wrapper.egg-info/top_level.txt
[1.710s] reading manifest file '../../build/wrapper/wrapper.egg-info/SOURCES.txt'
[1.711s] writing manifest file '../../build/wrapper/wrapper.egg-info/SOURCES.txt'
[1.712s] running build
[1.712s] running build_py
[1.712s] creating /home/vincent/autonomy-monorepo/airside_prec/build/wrapper/build
[1.712s] creating /home/vincent/autonomy-monorepo/airside_prec/build/wrapper/build/lib
[1.712s] creating /home/vincent/autonomy-monorepo/airside_prec/build/wrapper/build/lib/wrapper
[1.713s] copying wrapper/camera_node.py -> /home/vincent/autonomy-monorepo/airside_prec/build/wrapper/build/lib/wrapper
[1.714s] copying wrapper/comms.py -> /home/vincent/autonomy-monorepo/airside_prec/build/wrapper/build/lib/wrapper
[1.715s] copying wrapper/__init__.py -> /home/vincent/autonomy-monorepo/airside_prec/build/wrapper/build/lib/wrapper
[1.715s] running install
[1.716s] running install_lib
[1.717s] creating /home/vincent/autonomy-monorepo/airside_prec/install/wrapper/lib/python3.11/site-packages/wrapper
[1.717s] copying /home/vincent/autonomy-monorepo/airside_prec/build/wrapper/build/lib/wrapper/camera_node.py -> /home/vincent/autonomy-monorepo/airside_prec/install/wrapper/lib/python3.11/site-packages/wrapper
[1.717s] copying /home/vincent/autonomy-monorepo/airside_prec/build/wrapper/build/lib/wrapper/comms.py -> /home/vincent/autonomy-monorepo/airside_prec/install/wrapper/lib/python3.11/site-packages/wrapper
[1.717s] copying /home/vincent/autonomy-monorepo/airside_prec/build/wrapper/build/lib/wrapper/__init__.py -> /home/vincent/autonomy-monorepo/airside_prec/install/wrapper/lib/python3.11/site-packages/wrapper
[1.718s] byte-compiling /home/vincent/autonomy-monorepo/airside_prec/install/wrapper/lib/python3.11/site-packages/wrapper/camera_node.py to camera_node.cpython-311.pyc
[1.720s] byte-compiling /home/vincent/autonomy-monorepo/airside_prec/install/wrapper/lib/python3.11/site-packages/wrapper/comms.py to comms.cpython-311.pyc
[1.720s] byte-compiling /home/vincent/autonomy-monorepo/airside_prec/install/wrapper/lib/python3.11/site-packages/wrapper/__init__.py to __init__.cpython-311.pyc
[1.721s] running install_data
[1.721s] copying resource/wrapper -> /home/vincent/autonomy-monorepo/airside_prec/install/wrapper/share/ament_index/resource_index/packages
[1.723s] copying package.xml -> /home/vincent/autonomy-monorepo/airside_prec/install/wrapper/share/wrapper
[1.724s] running install_egg_info
[1.730s] Copying ../../build/wrapper/wrapper.egg-info to /home/vincent/autonomy-monorepo/airside_prec/install/wrapper/lib/python3.11/site-packages/wrapper-0.1.0-py3.11.egg-info
[1.734s] running install_scripts
[1.767s] Installing camera script to /home/vincent/autonomy-monorepo/airside_prec/install/wrapper/lib/wrapper
[1.767s] Installing mavros_comms script to /home/vincent/autonomy-monorepo/airside_prec/install/wrapper/lib/wrapper
[1.768s] writing list of installed files to '/home/vincent/autonomy-monorepo/airside_prec/build/wrapper/install.log'
[1.802s] Invoked command in '/home/vincent/autonomy-monorepo/airside_prec/src/wrapper' returned '0': CONDA_PROMPT_MODIFIER=(ros_env) DEBUGINFOD_URLS=https://debuginfod.ubuntu.com PYTHONPATH=/home/vincent/autonomy-monorepo/airside_prec/build/wrapper/prefix_override:/home/vincent/miniforge3/envs/ros_env/lib/python3.11/site-packages/colcon_core/task/python/colcon_distutils_commands:/home/vincent/autonomy-monorepo/airside_prec/install/wrapper/lib/python3.11/site-packages:${PYTHONPATH} /home/vincent/miniforge3/envs/ros_env/bin/python3.11 -W ignore:setup.py install is deprecated -W ignore:easy_install command is deprecated setup.py egg_info --egg-base ../../build/wrapper build --build-base /home/vincent/autonomy-monorepo/airside_prec/build/wrapper/build install --record /home/vincent/autonomy-monorepo/airside_prec/build/wrapper/install.log --single-version-externally-managed install_data --force
