running develop
running egg_info
creating engine.egg-info
writing engine.egg-info/PKG-INFO
writing dependency_links to engine.egg-info/dependency_links.txt
writing entry points to engine.egg-info/entry_points.txt
writing requirements to engine.egg-info/requires.txt
writing top-level names to engine.egg-info/top_level.txt
writing manifest file 'engine.egg-info/SOURCES.txt'
reading manifest file 'engine.egg-info/SOURCES.txt'
writing manifest file 'engine.egg-info/SOURCES.txt'
running build_ext
Creating /home/vincent/autonomy-monorepo/airside_prec/install/engine/lib/python3.11/site-packages/engine.egg-link (link to .)
Installing manager script to /home/vincent/autonomy-monorepo/airside_prec/install/engine/lib/engine

Installed /home/vincent/autonomy-monorepo/airside_prec/build/engine
running symlink_data
creating /home/vincent/autonomy-monorepo/airside_prec/install/engine/share/ament_index
creating /home/vincent/autonomy-monorepo/airside_prec/install/engine/share/ament_index/resource_index
creating /home/vincent/autonomy-monorepo/airside_prec/install/engine/share/ament_index/resource_index/packages
symbolically linking /home/vincent/autonomy-monorepo/airside_prec/build/engine/resource/engine -> /home/vincent/autonomy-monorepo/airside_prec/install/engine/share/ament_index/resource_index/packages
symbolically linking /home/vincent/autonomy-monorepo/airside_prec/build/engine/package.xml -> /home/vincent/autonomy-monorepo/airside_prec/install/engine/share/engine
creating /home/vincent/autonomy-monorepo/airside_prec/install/engine/share/engine/launch
symbolically linking /home/vincent/autonomy-monorepo/airside_prec/build/engine/launch/engine.launch.py -> /home/vincent/autonomy-monorepo/airside_prec/install/engine/share/engine/launch
