[0.624s] Invoking command in '/home/vincent/autonomy-monorepo/airside_prec/build/engine': CONDA_PROMPT_MODIFIER=(ros_env) DEBUGINFOD_URLS=https://debuginfod.ubuntu.com PYTHONPATH=/home/vincent/autonomy-monorepo/airside_prec/build/engine/prefix_override:/home/vincent/miniforge3/envs/ros_env/lib/python3.11/site-packages/colcon_core/task/python/colcon_distutils_commands:/home/vincent/autonomy-monorepo/airside_prec/install/engine/lib/python3.11/site-packages:${PYTHONPATH} /home/vincent/miniforge3/envs/ros_env/bin/python3.11 -W ignore:setup.py install is deprecated -W ignore:easy_install command is deprecated setup.py develop --editable --build-directory /home/vincent/autonomy-monorepo/airside_prec/build/engine/build --no-deps symlink_data
[0.766s] running develop
[0.855s] running egg_info
[0.855s] creating engine.egg-info
[0.856s] writing engine.egg-info/PKG-INFO
[0.856s] writing dependency_links to engine.egg-info/dependency_links.txt
[0.856s] writing entry points to engine.egg-info/entry_points.txt
[0.857s] writing requirements to engine.egg-info/requires.txt
[0.857s] writing top-level names to engine.egg-info/top_level.txt
[0.857s] writing manifest file 'engine.egg-info/SOURCES.txt'
[0.858s] reading manifest file 'engine.egg-info/SOURCES.txt'
[0.858s] writing manifest file 'engine.egg-info/SOURCES.txt'
[0.859s] running build_ext
[0.859s] Creating /home/vincent/autonomy-monorepo/airside_prec/install/engine/lib/python3.11/site-packages/engine.egg-link (link to .)
[0.859s] Installing manager script to /home/vincent/autonomy-monorepo/airside_prec/install/engine/lib/engine
[0.859s] 
[0.859s] Installed /home/vincent/autonomy-monorepo/airside_prec/build/engine
[0.859s] running symlink_data
[0.859s] creating /home/vincent/autonomy-monorepo/airside_prec/install/engine/share/ament_index
[0.859s] creating /home/vincent/autonomy-monorepo/airside_prec/install/engine/share/ament_index/resource_index
[0.859s] creating /home/vincent/autonomy-monorepo/airside_prec/install/engine/share/ament_index/resource_index/packages
[0.859s] symbolically linking /home/vincent/autonomy-monorepo/airside_prec/build/engine/resource/engine -> /home/vincent/autonomy-monorepo/airside_prec/install/engine/share/ament_index/resource_index/packages
[0.860s] symbolically linking /home/vincent/autonomy-monorepo/airside_prec/build/engine/package.xml -> /home/vincent/autonomy-monorepo/airside_prec/install/engine/share/engine
[0.860s] creating /home/vincent/autonomy-monorepo/airside_prec/install/engine/share/engine/launch
[0.861s] symbolically linking /home/vincent/autonomy-monorepo/airside_prec/build/engine/launch/engine.launch.py -> /home/vincent/autonomy-monorepo/airside_prec/install/engine/share/engine/launch
[0.887s] Invoked command in '/home/vincent/autonomy-monorepo/airside_prec/build/engine' returned '0': CONDA_PROMPT_MODIFIER=(ros_env) DEBUGINFOD_URLS=https://debuginfod.ubuntu.com PYTHONPATH=/home/vincent/autonomy-monorepo/airside_prec/build/engine/prefix_override:/home/vincent/miniforge3/envs/ros_env/lib/python3.11/site-packages/colcon_core/task/python/colcon_distutils_commands:/home/vincent/autonomy-monorepo/airside_prec/install/engine/lib/python3.11/site-packages:${PYTHONPATH} /home/vincent/miniforge3/envs/ros_env/bin/python3.11 -W ignore:setup.py install is deprecated -W ignore:easy_install command is deprecated setup.py develop --editable --build-directory /home/vincent/autonomy-monorepo/airside_prec/build/engine/build --no-deps symlink_data
