[1.091s] Invoking command in '/home/vincent/autonomy-monorepo/airside_prec/src/engine': CONDA_PROMPT_MODIFIER=(ros_env) DEBUGINFOD_URLS=https://debuginfod.ubuntu.com PYTHONPATH=/home/vincent/autonomy-monorepo/airside_prec/build/engine/prefix_override:/home/vincent/miniforge3/envs/ros_env/lib/python3.11/site-packages/colcon_core/task/python/colcon_distutils_commands:/home/vincent/autonomy-monorepo/airside_prec/install/engine/lib/python3.11/site-packages:${PYTHONPATH} /home/vincent/miniforge3/envs/ros_env/bin/python3.11 -W ignore:setup.py install is deprecated -W ignore:easy_install command is deprecated setup.py egg_info --egg-base ../../build/engine build --build-base /home/vincent/autonomy-monorepo/airside_prec/build/engine/build install --record /home/vincent/autonomy-monorepo/airside_prec/build/engine/install.log --single-version-externally-managed install_data
[1.293s] running egg_info
[1.294s] writing ../../build/engine/engine.egg-info/PKG-INFO
[1.294s] writing dependency_links to ../../build/engine/engine.egg-info/dependency_links.txt
[1.295s] writing entry points to ../../build/engine/engine.egg-info/entry_points.txt
[1.295s] writing requirements to ../../build/engine/engine.egg-info/requires.txt
[1.295s] writing top-level names to ../../build/engine/engine.egg-info/top_level.txt
[1.297s] reading manifest file '../../build/engine/engine.egg-info/SOURCES.txt'
[1.299s] writing manifest file '../../build/engine/engine.egg-info/SOURCES.txt'
[1.299s] running build
[1.299s] running build_py
[1.300s] running install
[1.300s] running install_lib
[1.302s] running install_data
[1.302s] copying ../apriltag.yaml -> /home/vincent/autonomy-monorepo/airside_prec/install/engine/share/engine
[1.303s] running install_egg_info
[1.305s] removing '/home/vincent/autonomy-monorepo/airside_prec/install/engine/lib/python3.11/site-packages/engine-0.1.0-py3.11.egg-info' (and everything under it)
[1.306s] Copying ../../build/engine/engine.egg-info to /home/vincent/autonomy-monorepo/airside_prec/install/engine/lib/python3.11/site-packages/engine-0.1.0-py3.11.egg-info
[1.308s] running install_scripts
[1.330s] Installing apriltag script to /home/vincent/autonomy-monorepo/airside_prec/install/engine/lib/engine
[1.331s] Installing camera script to /home/vincent/autonomy-monorepo/airside_prec/install/engine/lib/engine
[1.331s] Installing manager script to /home/vincent/autonomy-monorepo/airside_prec/install/engine/lib/engine
[1.331s] Installing mavros_comms script to /home/vincent/autonomy-monorepo/airside_prec/install/engine/lib/engine
[1.332s] writing list of installed files to '/home/vincent/autonomy-monorepo/airside_prec/build/engine/install.log'
[1.394s] Invoked command in '/home/vincent/autonomy-monorepo/airside_prec/src/engine' returned '0': CONDA_PROMPT_MODIFIER=(ros_env) DEBUGINFOD_URLS=https://debuginfod.ubuntu.com PYTHONPATH=/home/vincent/autonomy-monorepo/airside_prec/build/engine/prefix_override:/home/vincent/miniforge3/envs/ros_env/lib/python3.11/site-packages/colcon_core/task/python/colcon_distutils_commands:/home/vincent/autonomy-monorepo/airside_prec/install/engine/lib/python3.11/site-packages:${PYTHONPATH} /home/vincent/miniforge3/envs/ros_env/bin/python3.11 -W ignore:setup.py install is deprecated -W ignore:easy_install command is deprecated setup.py egg_info --egg-base ../../build/engine build --build-base /home/vincent/autonomy-monorepo/airside_prec/build/engine/build install --record /home/vincent/autonomy-monorepo/airside_prec/build/engine/install.log --single-version-externally-managed install_data
