[0.308s] [34mcolcon[0m [1;30mDEBUG[0m [32mCommand line arguments: ['/home/vincent/miniforge3/envs/ros_env/bin/colcon', 'build'][0m
[0.308s] [34mcolcon[0m [1;30mDEBUG[0m [32mParsed command line arguments: Namespace(log_base=None, log_level=None, verb_name='build', build_base='build', install_base='install', merge_install=False, symlink_install=False, test_result_base=None, continue_on_error=False, executor='parallel', parallel_workers=22, event_handlers=None, ignore_user_meta=False, metas=['./colcon.meta'], base_paths=['.'], packages_ignore=None, packages_ignore_regex=None, paths=None, packages_up_to=None, packages_up_to_regex=None, packages_above=None, packages_above_and_dependencies=None, packages_above_depth=None, packages_select_by_dep=None, packages_skip_by_dep=None, packages_skip_up_to=None, packages_select_build_failed=False, packages_skip_build_finished=False, packages_select_test_failures=False, packages_skip_test_passed=False, packages_select=None, packages_skip=None, packages_select_regex=None, packages_skip_regex=None, packages_start=None, packages_end=None, cmake_args=None, cmake_target=None, cmake_target_skip_unavailable=False, cmake_clean_cache=False, cmake_clean_first=False, cmake_force_configure=False, ament_cmake_args=None, catkin_cmake_args=None, catkin_skip_building_tests=False, verb_parser=<colcon_defaults.argument_parser.defaults.DefaultArgumentsDecorator object at 0x7cd118461190>, verb_extension=<colcon_core.verb.build.BuildVerb object at 0x7cd1184605d0>, main=<bound method BuildVerb.main of <colcon_core.verb.build.BuildVerb object at 0x7cd1184605d0>>)[0m
[0.411s] [34mcolcon.colcon_core.package_discovery[0m [1;30mLevel 1[0m discover_packages(colcon_meta) check parameters
[0.412s] [34mcolcon.colcon_core.package_discovery[0m [1;30mLevel 1[0m discover_packages(recursive) check parameters
[0.412s] [34mcolcon.colcon_core.package_discovery[0m [1;30mLevel 1[0m discover_packages(ignore) check parameters
[0.412s] [34mcolcon.colcon_core.package_discovery[0m [1;30mLevel 1[0m discover_packages(path) check parameters
[0.412s] [34mcolcon.colcon_core.package_discovery[0m [1;30mLevel 1[0m discover_packages(colcon_meta) discover
[0.412s] [34mcolcon.colcon_core.package_discovery[0m [1;30mLevel 1[0m discover_packages(recursive) discover
[0.412s] [34mcolcon.colcon_core.package_discovery[0m [1;30mINFO[0m Crawling recursively for packages in '/home/vincent/autonomy-monorepo/airside_prec'
[0.412s] [34mcolcon.colcon_core.package_identification[0m [1;30mLevel 1[0m _identify(.) by extensions ['ignore', 'ignore_ament_install']
[0.412s] [34mcolcon.colcon_core.package_identification[0m [1;30mLevel 1[0m _identify(.) by extension 'ignore'
[0.412s] [34mcolcon.colcon_core.package_identification[0m [1;30mLevel 1[0m _identify(.) by extension 'ignore_ament_install'
[0.412s] [34mcolcon.colcon_core.package_identification[0m [1;30mLevel 1[0m _identify(.) by extensions ['colcon_pkg']
[0.412s] [34mcolcon.colcon_core.package_identification[0m [1;30mLevel 1[0m _identify(.) by extension 'colcon_pkg'
[0.412s] [34mcolcon.colcon_core.package_identification[0m [1;30mLevel 1[0m _identify(.) by extensions ['colcon_meta']
[0.412s] [34mcolcon.colcon_core.package_identification[0m [1;30mLevel 1[0m _identify(.) by extension 'colcon_meta'
[0.412s] [34mcolcon.colcon_core.package_identification[0m [1;30mLevel 1[0m _identify(.) by extensions ['ros']
[0.412s] [34mcolcon.colcon_core.package_identification[0m [1;30mLevel 1[0m _identify(.) by extension 'ros'
[0.442s] [34mcolcon.colcon_core.package_identification[0m [1;30mLevel 1[0m _identify(.) by extensions ['cmake', 'python']
[0.442s] [34mcolcon.colcon_core.package_identification[0m [1;30mLevel 1[0m _identify(.) by extension 'cmake'
[0.443s] [34mcolcon.colcon_core.package_identification[0m [1;30mLevel 1[0m _identify(.) by extension 'python'
[0.443s] [34mcolcon.colcon_core.package_identification[0m [1;30mLevel 1[0m _identify(.) by extensions ['python_setup_py']
[0.443s] [34mcolcon.colcon_core.package_identification[0m [1;30mLevel 1[0m _identify(.) by extension 'python_setup_py'
[0.443s] [34mcolcon.colcon_core.package_identification[0m [1;30mLevel 1[0m _identify(build) by extensions ['ignore', 'ignore_ament_install']
[0.443s] [34mcolcon.colcon_core.package_identification[0m [1;30mLevel 1[0m _identify(build) by extension 'ignore'
[0.443s] [34mcolcon.colcon_core.package_identification[0m [1;30mLevel 1[0m _identify(build) ignored
[0.443s] [34mcolcon.colcon_core.package_identification[0m [1;30mLevel 1[0m _identify(docker) by extensions ['ignore', 'ignore_ament_install']
[0.443s] [34mcolcon.colcon_core.package_identification[0m [1;30mLevel 1[0m _identify(docker) by extension 'ignore'
[0.443s] [34mcolcon.colcon_core.package_identification[0m [1;30mLevel 1[0m _identify(docker) by extension 'ignore_ament_install'
[0.443s] [34mcolcon.colcon_core.package_identification[0m [1;30mLevel 1[0m _identify(docker) by extensions ['colcon_pkg']
[0.443s] [34mcolcon.colcon_core.package_identification[0m [1;30mLevel 1[0m _identify(docker) by extension 'colcon_pkg'
[0.443s] [34mcolcon.colcon_core.package_identification[0m [1;30mLevel 1[0m _identify(docker) by extensions ['colcon_meta']
[0.443s] [34mcolcon.colcon_core.package_identification[0m [1;30mLevel 1[0m _identify(docker) by extension 'colcon_meta'
[0.443s] [34mcolcon.colcon_core.package_identification[0m [1;30mLevel 1[0m _identify(docker) by extensions ['ros']
[0.443s] [34mcolcon.colcon_core.package_identification[0m [1;30mLevel 1[0m _identify(docker) by extension 'ros'
[0.443s] [34mcolcon.colcon_core.package_identification[0m [1;30mLevel 1[0m _identify(docker) by extensions ['cmake', 'python']
[0.443s] [34mcolcon.colcon_core.package_identification[0m [1;30mLevel 1[0m _identify(docker) by extension 'cmake'
[0.443s] [34mcolcon.colcon_core.package_identification[0m [1;30mLevel 1[0m _identify(docker) by extension 'python'
[0.443s] [34mcolcon.colcon_core.package_identification[0m [1;30mLevel 1[0m _identify(docker) by extensions ['python_setup_py']
[0.443s] [34mcolcon.colcon_core.package_identification[0m [1;30mLevel 1[0m _identify(docker) by extension 'python_setup_py'
[0.443s] [34mcolcon.colcon_core.package_identification[0m [1;30mLevel 1[0m _identify(install) by extensions ['ignore', 'ignore_ament_install']
[0.444s] [34mcolcon.colcon_core.package_identification[0m [1;30mLevel 1[0m _identify(install) by extension 'ignore'
[0.444s] [34mcolcon.colcon_core.package_identification[0m [1;30mLevel 1[0m _identify(install) ignored
[0.444s] [34mcolcon.colcon_core.package_identification[0m [1;30mLevel 1[0m _identify(log) by extensions ['ignore', 'ignore_ament_install']
[0.444s] [34mcolcon.colcon_core.package_identification[0m [1;30mLevel 1[0m _identify(log) by extension 'ignore'
[0.444s] [34mcolcon.colcon_core.package_identification[0m [1;30mLevel 1[0m _identify(log) ignored
[0.444s] [34mcolcon.colcon_core.package_identification[0m [1;30mLevel 1[0m _identify(src) by extensions ['ignore', 'ignore_ament_install']
[0.444s] [34mcolcon.colcon_core.package_identification[0m [1;30mLevel 1[0m _identify(src) by extension 'ignore'
[0.444s] [34mcolcon.colcon_core.package_identification[0m [1;30mLevel 1[0m _identify(src) by extension 'ignore_ament_install'
[0.444s] [34mcolcon.colcon_core.package_identification[0m [1;30mLevel 1[0m _identify(src) by extensions ['colcon_pkg']
[0.444s] [34mcolcon.colcon_core.package_identification[0m [1;30mLevel 1[0m _identify(src) by extension 'colcon_pkg'
[0.444s] [34mcolcon.colcon_core.package_identification[0m [1;30mLevel 1[0m _identify(src) by extensions ['colcon_meta']
[0.444s] [34mcolcon.colcon_core.package_identification[0m [1;30mLevel 1[0m _identify(src) by extension 'colcon_meta'
[0.444s] [34mcolcon.colcon_core.package_identification[0m [1;30mLevel 1[0m _identify(src) by extensions ['ros']
[0.444s] [34mcolcon.colcon_core.package_identification[0m [1;30mLevel 1[0m _identify(src) by extension 'ros'
[0.444s] [34mcolcon.colcon_core.package_identification[0m [1;30mLevel 1[0m _identify(src) by extensions ['cmake', 'python']
[0.444s] [34mcolcon.colcon_core.package_identification[0m [1;30mLevel 1[0m _identify(src) by extension 'cmake'
[0.444s] [34mcolcon.colcon_core.package_identification[0m [1;30mLevel 1[0m _identify(src) by extension 'python'
[0.444s] [34mcolcon.colcon_core.package_identification[0m [1;30mLevel 1[0m _identify(src) by extensions ['python_setup_py']
[0.444s] [34mcolcon.colcon_core.package_identification[0m [1;30mLevel 1[0m _identify(src) by extension 'python_setup_py'
[0.444s] [34mcolcon.colcon_core.package_identification[0m [1;30mLevel 1[0m _identify(src/engine) by extensions ['ignore', 'ignore_ament_install']
[0.444s] [34mcolcon.colcon_core.package_identification[0m [1;30mLevel 1[0m _identify(src/engine) by extension 'ignore'
[0.444s] [34mcolcon.colcon_core.package_identification[0m [1;30mLevel 1[0m _identify(src/engine) by extension 'ignore_ament_install'
[0.444s] [34mcolcon.colcon_core.package_identification[0m [1;30mLevel 1[0m _identify(src/engine) by extensions ['colcon_pkg']
[0.444s] [34mcolcon.colcon_core.package_identification[0m [1;30mLevel 1[0m _identify(src/engine) by extension 'colcon_pkg'
[0.444s] [34mcolcon.colcon_core.package_identification[0m [1;30mLevel 1[0m _identify(src/engine) by extensions ['colcon_meta']
[0.444s] [34mcolcon.colcon_core.package_identification[0m [1;30mLevel 1[0m _identify(src/engine) by extension 'colcon_meta'
[0.445s] [34mcolcon.colcon_core.package_identification[0m [1;30mLevel 1[0m _identify(src/engine) by extensions ['ros']
[0.445s] [34mcolcon.colcon_core.package_identification[0m [1;30mLevel 1[0m _identify(src/engine) by extension 'ros'
[0.447s] [34mcolcon.colcon_core.package_identification[0m [1;30mDEBUG[0m [32mPackage 'src/engine' with type 'ros.ament_python' and name 'engine'[0m
[0.448s] [34mcolcon.colcon_core.package_identification[0m [1;30mLevel 1[0m _identify(src/wrapper) by extensions ['ignore', 'ignore_ament_install']
[0.448s] [34mcolcon.colcon_core.package_identification[0m [1;30mLevel 1[0m _identify(src/wrapper) by extension 'ignore'
[0.448s] [34mcolcon.colcon_core.package_identification[0m [1;30mLevel 1[0m _identify(src/wrapper) by extension 'ignore_ament_install'
[0.448s] [34mcolcon.colcon_core.package_identification[0m [1;30mLevel 1[0m _identify(src/wrapper) by extensions ['colcon_pkg']
[0.448s] [34mcolcon.colcon_core.package_identification[0m [1;30mLevel 1[0m _identify(src/wrapper) by extension 'colcon_pkg'
[0.448s] [34mcolcon.colcon_core.package_identification[0m [1;30mLevel 1[0m _identify(src/wrapper) by extensions ['colcon_meta']
[0.448s] [34mcolcon.colcon_core.package_identification[0m [1;30mLevel 1[0m _identify(src/wrapper) by extension 'colcon_meta'
[0.448s] [34mcolcon.colcon_core.package_identification[0m [1;30mLevel 1[0m _identify(src/wrapper) by extensions ['ros']
[0.448s] [34mcolcon.colcon_core.package_identification[0m [1;30mLevel 1[0m _identify(src/wrapper) by extension 'ros'
[0.448s] [34mcolcon.colcon_core.package_identification[0m [1;30mDEBUG[0m [32mPackage 'src/wrapper' with type 'ros.ament_python' and name 'wrapper'[0m
[0.448s] [34mcolcon.colcon_core.package_discovery[0m [1;30mLevel 1[0m discover_packages(recursive) using defaults
[0.449s] [34mcolcon.colcon_core.package_discovery[0m [1;30mLevel 1[0m discover_packages(ignore) discover
[0.449s] [34mcolcon.colcon_core.package_discovery[0m [1;30mLevel 1[0m discover_packages(ignore) using defaults
[0.449s] [34mcolcon.colcon_core.package_discovery[0m [1;30mLevel 1[0m discover_packages(path) discover
[0.449s] [34mcolcon.colcon_core.package_discovery[0m [1;30mLevel 1[0m discover_packages(path) using defaults
[0.463s] [34mcolcon.colcon_core.verb[0m [1;30mLevel 5[0m set package 'engine' build argument 'cmake_args' from command line to 'None'
[0.464s] [34mcolcon.colcon_core.verb[0m [1;30mLevel 5[0m set package 'engine' build argument 'cmake_target' from command line to 'None'
[0.464s] [34mcolcon.colcon_core.verb[0m [1;30mLevel 5[0m set package 'engine' build argument 'cmake_target_skip_unavailable' from command line to 'False'
[0.464s] [34mcolcon.colcon_core.verb[0m [1;30mLevel 5[0m set package 'engine' build argument 'cmake_clean_cache' from command line to 'False'
[0.464s] [34mcolcon.colcon_core.verb[0m [1;30mLevel 5[0m set package 'engine' build argument 'cmake_clean_first' from command line to 'False'
[0.464s] [34mcolcon.colcon_core.verb[0m [1;30mLevel 5[0m set package 'engine' build argument 'cmake_force_configure' from command line to 'False'
[0.464s] [34mcolcon.colcon_core.verb[0m [1;30mLevel 5[0m set package 'engine' build argument 'ament_cmake_args' from command line to 'None'
[0.464s] [34mcolcon.colcon_core.verb[0m [1;30mLevel 5[0m set package 'engine' build argument 'catkin_cmake_args' from command line to 'None'
[0.464s] [34mcolcon.colcon_core.verb[0m [1;30mLevel 5[0m set package 'engine' build argument 'catkin_skip_building_tests' from command line to 'False'
[0.464s] [34mcolcon.colcon_core.verb[0m [1;30mDEBUG[0m [32mBuilding package 'engine' with the following arguments: {'ament_cmake_args': None, 'build_base': '/home/vincent/autonomy-monorepo/airside_prec/build/engine', 'catkin_cmake_args': None, 'catkin_skip_building_tests': False, 'cmake_args': None, 'cmake_clean_cache': False, 'cmake_clean_first': False, 'cmake_force_configure': False, 'cmake_target': None, 'cmake_target_skip_unavailable': False, 'install_base': '/home/vincent/autonomy-monorepo/airside_prec/install/engine', 'merge_install': False, 'path': '/home/vincent/autonomy-monorepo/airside_prec/src/engine', 'symlink_install': False, 'test_result_base': None}[0m
[0.464s] [34mcolcon.colcon_core.verb[0m [1;30mLevel 5[0m set package 'wrapper' build argument 'cmake_args' from command line to 'None'
[0.464s] [34mcolcon.colcon_core.verb[0m [1;30mLevel 5[0m set package 'wrapper' build argument 'cmake_target' from command line to 'None'
[0.464s] [34mcolcon.colcon_core.verb[0m [1;30mLevel 5[0m set package 'wrapper' build argument 'cmake_target_skip_unavailable' from command line to 'False'
[0.464s] [34mcolcon.colcon_core.verb[0m [1;30mLevel 5[0m set package 'wrapper' build argument 'cmake_clean_cache' from command line to 'False'
[0.464s] [34mcolcon.colcon_core.verb[0m [1;30mLevel 5[0m set package 'wrapper' build argument 'cmake_clean_first' from command line to 'False'
[0.464s] [34mcolcon.colcon_core.verb[0m [1;30mLevel 5[0m set package 'wrapper' build argument 'cmake_force_configure' from command line to 'False'
[0.464s] [34mcolcon.colcon_core.verb[0m [1;30mLevel 5[0m set package 'wrapper' build argument 'ament_cmake_args' from command line to 'None'
[0.464s] [34mcolcon.colcon_core.verb[0m [1;30mLevel 5[0m set package 'wrapper' build argument 'catkin_cmake_args' from command line to 'None'
[0.464s] [34mcolcon.colcon_core.verb[0m [1;30mLevel 5[0m set package 'wrapper' build argument 'catkin_skip_building_tests' from command line to 'False'
[0.464s] [34mcolcon.colcon_core.verb[0m [1;30mDEBUG[0m [32mBuilding package 'wrapper' with the following arguments: {'ament_cmake_args': None, 'build_base': '/home/vincent/autonomy-monorepo/airside_prec/build/wrapper', 'catkin_cmake_args': None, 'catkin_skip_building_tests': False, 'cmake_args': None, 'cmake_clean_cache': False, 'cmake_clean_first': False, 'cmake_force_configure': False, 'cmake_target': None, 'cmake_target_skip_unavailable': False, 'install_base': '/home/vincent/autonomy-monorepo/airside_prec/install/wrapper', 'merge_install': False, 'path': '/home/vincent/autonomy-monorepo/airside_prec/src/wrapper', 'symlink_install': False, 'test_result_base': None}[0m
[0.464s] [34mcolcon.colcon_core.executor[0m [1;30mINFO[0m Executing jobs using 'parallel' executor
[0.466s] [34mcolcon.colcon_parallel_executor.executor.parallel[0m [1;30mDEBUG[0m [32mrun_until_complete[0m
[0.466s] [34mcolcon.colcon_ros.task.ament_python.build[0m [1;30mINFO[0m Building ROS package in '/home/vincent/autonomy-monorepo/airside_prec/src/engine' with build type 'ament_python'
[0.466s] [34mcolcon.colcon_core.shell[0m [1;30mLevel 1[0m create_environment_hook('engine', 'ament_prefix_path')
[0.469s] [34mcolcon.colcon_core.plugin_system[0m [1;30mINFO[0m Skipping extension 'colcon_core.shell.bat': Not used on non-Windows systems
[0.469s] [34mcolcon.colcon_core.shell[0m [1;30mINFO[0m Creating environment hook '/home/vincent/autonomy-monorepo/airside_prec/install/engine/share/engine/hook/ament_prefix_path.ps1'
[0.472s] [34mcolcon.colcon_core.shell[0m [1;30mINFO[0m Creating environment descriptor '/home/vincent/autonomy-monorepo/airside_prec/install/engine/share/engine/hook/ament_prefix_path.dsv'
[0.473s] [34mcolcon.colcon_core.shell[0m [1;30mINFO[0m Creating environment hook '/home/vincent/autonomy-monorepo/airside_prec/install/engine/share/engine/hook/ament_prefix_path.sh'
[0.475s] [34mcolcon.colcon_core.shell[0m [1;30mINFO[0m Skip shell extension 'powershell' for command environment: Not usable outside of PowerShell
[0.475s] [34mcolcon.colcon_core.shell[0m [1;30mDEBUG[0m [32mSkip shell extension 'dsv' for command environment[0m
[0.481s] [34mcolcon.colcon_ros.task.ament_python.build[0m [1;30mINFO[0m Building ROS package in '/home/vincent/autonomy-monorepo/airside_prec/src/wrapper' with build type 'ament_python'
[0.481s] [34mcolcon.colcon_core.shell[0m [1;30mLevel 1[0m create_environment_hook('wrapper', 'ament_prefix_path')
[0.481s] [34mcolcon.colcon_core.shell[0m [1;30mINFO[0m Creating environment hook '/home/vincent/autonomy-monorepo/airside_prec/install/wrapper/share/wrapper/hook/ament_prefix_path.ps1'
[0.482s] [34mcolcon.colcon_core.shell[0m [1;30mINFO[0m Creating environment descriptor '/home/vincent/autonomy-monorepo/airside_prec/install/wrapper/share/wrapper/hook/ament_prefix_path.dsv'
[0.483s] [34mcolcon.colcon_core.shell[0m [1;30mINFO[0m Creating environment hook '/home/vincent/autonomy-monorepo/airside_prec/install/wrapper/share/wrapper/hook/ament_prefix_path.sh'
[0.486s] [34mcolcon.colcon_core.shell[0m [1;30mINFO[0m Skip shell extension 'powershell' for command environment: Not usable outside of PowerShell
[0.486s] [34mcolcon.colcon_core.shell[0m [1;30mDEBUG[0m [32mSkip shell extension 'dsv' for command environment[0m
[0.705s] [34mcolcon.colcon_core.task.python.build[0m [1;30mINFO[0m Building Python package in '/home/vincent/autonomy-monorepo/airside_prec/src/engine'
[0.706s] [34mcolcon.colcon_core.shell[0m [1;30mINFO[0m Skip shell extension 'powershell' for command environment: Not usable outside of PowerShell
[0.706s] [34mcolcon.colcon_core.shell[0m [1;30mDEBUG[0m [32mSkip shell extension 'dsv' for command environment[0m
[0.915s] [34mcolcon.colcon_core.task.python.build[0m [1;30mINFO[0m Building Python package in '/home/vincent/autonomy-monorepo/airside_prec/src/wrapper'
[0.915s] [34mcolcon.colcon_core.shell[0m [1;30mINFO[0m Skip shell extension 'powershell' for command environment: Not usable outside of PowerShell
[0.915s] [34mcolcon.colcon_core.shell[0m [1;30mDEBUG[0m [32mSkip shell extension 'dsv' for command environment[0m
[1.442s] [34mcolcon.colcon_core.event_handler.log_command[0m [1;30mDEBUG[0m [32mInvoking command in '/home/vincent/autonomy-monorepo/airside_prec/build/wrapper': CONDA_PROMPT_MODIFIER=(ros_env) DEBUGINFOD_URLS=https://debuginfod.ubuntu.com PYTHONPATH=/home/vincent/autonomy-monorepo/airside_prec/build/wrapper/prefix_override:/home/vincent/miniforge3/envs/ros_env/lib/python3.11/site-packages/colcon_core/task/python/colcon_distutils_commands:/home/vincent/autonomy-monorepo/airside_prec/install/wrapper/lib/python3.11/site-packages:${PYTHONPATH} /home/vincent/miniforge3/envs/ros_env/bin/python3.11 -W ignore:setup.py install is deprecated -W ignore:easy_install command is deprecated setup.py develop --uninstall --editable --build-directory /home/vincent/autonomy-monorepo/airside_prec/build/wrapper/build[0m
[1.452s] [34mcolcon.colcon_core.event_handler.log_command[0m [1;30mDEBUG[0m [32mInvoking command in '/home/vincent/autonomy-monorepo/airside_prec/build/engine': CONDA_PROMPT_MODIFIER=(ros_env) DEBUGINFOD_URLS=https://debuginfod.ubuntu.com PYTHONPATH=/home/vincent/autonomy-monorepo/airside_prec/build/engine/prefix_override:/home/vincent/miniforge3/envs/ros_env/lib/python3.11/site-packages/colcon_core/task/python/colcon_distutils_commands:/home/vincent/autonomy-monorepo/airside_prec/install/engine/lib/python3.11/site-packages:${PYTHONPATH} /home/vincent/miniforge3/envs/ros_env/bin/python3.11 -W ignore:setup.py install is deprecated -W ignore:easy_install command is deprecated setup.py develop --uninstall --editable --build-directory /home/vincent/autonomy-monorepo/airside_prec/build/engine/build[0m
[1.940s] [34mcolcon.colcon_core.event_handler.log_command[0m [1;30mDEBUG[0m [32mInvoked command in '/home/vincent/autonomy-monorepo/airside_prec/build/wrapper' returned '0': CONDA_PROMPT_MODIFIER=(ros_env) DEBUGINFOD_URLS=https://debuginfod.ubuntu.com PYTHONPATH=/home/vincent/autonomy-monorepo/airside_prec/build/wrapper/prefix_override:/home/vincent/miniforge3/envs/ros_env/lib/python3.11/site-packages/colcon_core/task/python/colcon_distutils_commands:/home/vincent/autonomy-monorepo/airside_prec/install/wrapper/lib/python3.11/site-packages:${PYTHONPATH} /home/vincent/miniforge3/envs/ros_env/bin/python3.11 -W ignore:setup.py install is deprecated -W ignore:easy_install command is deprecated setup.py develop --uninstall --editable --build-directory /home/vincent/autonomy-monorepo/airside_prec/build/wrapper/build[0m
[1.942s] [34mcolcon.colcon_core.event_handler.log_command[0m [1;30mDEBUG[0m [32mInvoking command in '/home/vincent/autonomy-monorepo/airside_prec/src/wrapper': CONDA_PROMPT_MODIFIER=(ros_env) DEBUGINFOD_URLS=https://debuginfod.ubuntu.com PYTHONPATH=/home/vincent/autonomy-monorepo/airside_prec/build/wrapper/prefix_override:/home/vincent/miniforge3/envs/ros_env/lib/python3.11/site-packages/colcon_core/task/python/colcon_distutils_commands:/home/vincent/autonomy-monorepo/airside_prec/install/wrapper/lib/python3.11/site-packages:${PYTHONPATH} /home/vincent/miniforge3/envs/ros_env/bin/python3.11 -W ignore:setup.py install is deprecated -W ignore:easy_install command is deprecated setup.py egg_info --egg-base ../../build/wrapper build --build-base /home/vincent/autonomy-monorepo/airside_prec/build/wrapper/build install --record /home/vincent/autonomy-monorepo/airside_prec/build/wrapper/install.log --single-version-externally-managed install_data --force[0m
[1.945s] [34mcolcon.colcon_core.event_handler.log_command[0m [1;30mDEBUG[0m [32mInvoked command in '/home/vincent/autonomy-monorepo/airside_prec/build/engine' returned '0': CONDA_PROMPT_MODIFIER=(ros_env) DEBUGINFOD_URLS=https://debuginfod.ubuntu.com PYTHONPATH=/home/vincent/autonomy-monorepo/airside_prec/build/engine/prefix_override:/home/vincent/miniforge3/envs/ros_env/lib/python3.11/site-packages/colcon_core/task/python/colcon_distutils_commands:/home/vincent/autonomy-monorepo/airside_prec/install/engine/lib/python3.11/site-packages:${PYTHONPATH} /home/vincent/miniforge3/envs/ros_env/bin/python3.11 -W ignore:setup.py install is deprecated -W ignore:easy_install command is deprecated setup.py develop --uninstall --editable --build-directory /home/vincent/autonomy-monorepo/airside_prec/build/engine/build[0m
[1.947s] [34mcolcon.colcon_core.event_handler.log_command[0m [1;30mDEBUG[0m [32mInvoking command in '/home/vincent/autonomy-monorepo/airside_prec/src/engine': CONDA_PROMPT_MODIFIER=(ros_env) DEBUGINFOD_URLS=https://debuginfod.ubuntu.com PYTHONPATH=/home/vincent/autonomy-monorepo/airside_prec/build/engine/prefix_override:/home/vincent/miniforge3/envs/ros_env/lib/python3.11/site-packages/colcon_core/task/python/colcon_distutils_commands:/home/vincent/autonomy-monorepo/airside_prec/install/engine/lib/python3.11/site-packages:${PYTHONPATH} /home/vincent/miniforge3/envs/ros_env/bin/python3.11 -W ignore:setup.py install is deprecated -W ignore:easy_install command is deprecated setup.py egg_info --egg-base ../../build/engine build --build-base /home/vincent/autonomy-monorepo/airside_prec/build/engine/build install --record /home/vincent/autonomy-monorepo/airside_prec/build/engine/install.log --single-version-externally-managed install_data --force[0m
[2.284s] [34mcolcon.colcon_core.event_handler.log_command[0m [1;30mDEBUG[0m [32mInvoked command in '/home/vincent/autonomy-monorepo/airside_prec/src/wrapper' returned '0': CONDA_PROMPT_MODIFIER=(ros_env) DEBUGINFOD_URLS=https://debuginfod.ubuntu.com PYTHONPATH=/home/vincent/autonomy-monorepo/airside_prec/build/wrapper/prefix_override:/home/vincent/miniforge3/envs/ros_env/lib/python3.11/site-packages/colcon_core/task/python/colcon_distutils_commands:/home/vincent/autonomy-monorepo/airside_prec/install/wrapper/lib/python3.11/site-packages:${PYTHONPATH} /home/vincent/miniforge3/envs/ros_env/bin/python3.11 -W ignore:setup.py install is deprecated -W ignore:easy_install command is deprecated setup.py egg_info --egg-base ../../build/wrapper build --build-base /home/vincent/autonomy-monorepo/airside_prec/build/wrapper/build install --record /home/vincent/autonomy-monorepo/airside_prec/build/wrapper/install.log --single-version-externally-managed install_data --force[0m
[2.298s] [34mcolcon.colcon_core.environment[0m [1;30mLevel 1[0m checking '/home/vincent/autonomy-monorepo/airside_prec/install/wrapper' for CMake module files
[2.299s] [34mcolcon.colcon_core.environment[0m [1;30mLevel 1[0m checking '/home/vincent/autonomy-monorepo/airside_prec/install/wrapper' for CMake config files
[2.303s] [34mcolcon.colcon_core.environment[0m [1;30mLevel 1[0m checking '/home/vincent/autonomy-monorepo/airside_prec/install/wrapper/lib'
[2.303s] [34mcolcon.colcon_core.environment[0m [1;30mLevel 1[0m checking '/home/vincent/autonomy-monorepo/airside_prec/install/wrapper/bin'
[2.303s] [34mcolcon.colcon_core.environment[0m [1;30mLevel 1[0m checking '/home/vincent/autonomy-monorepo/airside_prec/install/wrapper/lib/pkgconfig/wrapper.pc'
[2.304s] [34mcolcon.colcon_core.environment[0m [1;30mLevel 1[0m checking '/home/vincent/autonomy-monorepo/airside_prec/install/wrapper/lib/python3.11/site-packages'
[2.304s] [34mcolcon.colcon_core.shell[0m [1;30mLevel 1[0m create_environment_hook('wrapper', 'pythonpath')
[2.304s] [34mcolcon.colcon_core.shell[0m [1;30mINFO[0m Creating environment hook '/home/vincent/autonomy-monorepo/airside_prec/install/wrapper/share/wrapper/hook/pythonpath.ps1'
[2.306s] [34mcolcon.colcon_core.shell[0m [1;30mINFO[0m Creating environment descriptor '/home/vincent/autonomy-monorepo/airside_prec/install/wrapper/share/wrapper/hook/pythonpath.dsv'
[2.307s] [34mcolcon.colcon_core.shell[0m [1;30mINFO[0m Creating environment hook '/home/vincent/autonomy-monorepo/airside_prec/install/wrapper/share/wrapper/hook/pythonpath.sh'
[2.307s] [34mcolcon.colcon_core.environment[0m [1;30mLevel 1[0m checking '/home/vincent/autonomy-monorepo/airside_prec/install/wrapper/bin'
[2.308s] [34mcolcon.colcon_core.environment[0m [1;30mLevel 1[0m create_environment_scripts_only(wrapper)
[2.308s] [34mcolcon.colcon_core.shell[0m [1;30mINFO[0m Creating package script '/home/vincent/autonomy-monorepo/airside_prec/install/wrapper/share/wrapper/package.ps1'
[2.310s] [34mcolcon.colcon_core.shell[0m [1;30mINFO[0m Creating package descriptor '/home/vincent/autonomy-monorepo/airside_prec/install/wrapper/share/wrapper/package.dsv'
[2.311s] [34mcolcon.colcon_core.shell[0m [1;30mINFO[0m Creating package script '/home/vincent/autonomy-monorepo/airside_prec/install/wrapper/share/wrapper/package.sh'
[2.312s] [34mcolcon.colcon_core.shell[0m [1;30mINFO[0m Creating package script '/home/vincent/autonomy-monorepo/airside_prec/install/wrapper/share/wrapper/package.bash'
[2.313s] [34mcolcon.colcon_core.shell[0m [1;30mINFO[0m Creating package script '/home/vincent/autonomy-monorepo/airside_prec/install/wrapper/share/wrapper/package.zsh'
[2.315s] [34mcolcon.colcon_core.environment[0m [1;30mLevel 1[0m create_file_with_runtime_dependencies(/home/vincent/autonomy-monorepo/airside_prec/install/wrapper/share/colcon-core/packages/wrapper)
[2.317s] [34mcolcon.colcon_core.environment[0m [1;30mLevel 1[0m checking '/home/vincent/autonomy-monorepo/airside_prec/install/engine' for CMake module files
[2.319s] [34mcolcon.colcon_core.event_handler.log_command[0m [1;30mDEBUG[0m [32mInvoked command in '/home/vincent/autonomy-monorepo/airside_prec/src/engine' returned '0': CONDA_PROMPT_MODIFIER=(ros_env) DEBUGINFOD_URLS=https://debuginfod.ubuntu.com PYTHONPATH=/home/vincent/autonomy-monorepo/airside_prec/build/engine/prefix_override:/home/vincent/miniforge3/envs/ros_env/lib/python3.11/site-packages/colcon_core/task/python/colcon_distutils_commands:/home/vincent/autonomy-monorepo/airside_prec/install/engine/lib/python3.11/site-packages:${PYTHONPATH} /home/vincent/miniforge3/envs/ros_env/bin/python3.11 -W ignore:setup.py install is deprecated -W ignore:easy_install command is deprecated setup.py egg_info --egg-base ../../build/engine build --build-base /home/vincent/autonomy-monorepo/airside_prec/build/engine/build install --record /home/vincent/autonomy-monorepo/airside_prec/build/engine/install.log --single-version-externally-managed install_data --force[0m
[2.320s] [34mcolcon.colcon_core.environment[0m [1;30mLevel 1[0m checking '/home/vincent/autonomy-monorepo/airside_prec/install/engine' for CMake config files
[2.323s] [34mcolcon.colcon_core.environment[0m [1;30mLevel 1[0m checking '/home/vincent/autonomy-monorepo/airside_prec/install/engine/lib'
[2.323s] [34mcolcon.colcon_core.environment[0m [1;30mLevel 1[0m checking '/home/vincent/autonomy-monorepo/airside_prec/install/engine/bin'
[2.323s] [34mcolcon.colcon_core.environment[0m [1;30mLevel 1[0m checking '/home/vincent/autonomy-monorepo/airside_prec/install/engine/lib/pkgconfig/engine.pc'
[2.324s] [34mcolcon.colcon_core.environment[0m [1;30mLevel 1[0m checking '/home/vincent/autonomy-monorepo/airside_prec/install/engine/lib/python3.11/site-packages'
[2.324s] [34mcolcon.colcon_core.shell[0m [1;30mLevel 1[0m create_environment_hook('engine', 'pythonpath')
[2.324s] [34mcolcon.colcon_core.shell[0m [1;30mINFO[0m Creating environment hook '/home/vincent/autonomy-monorepo/airside_prec/install/engine/share/engine/hook/pythonpath.ps1'
[2.325s] [34mcolcon.colcon_core.shell[0m [1;30mINFO[0m Creating environment descriptor '/home/vincent/autonomy-monorepo/airside_prec/install/engine/share/engine/hook/pythonpath.dsv'
[2.325s] [34mcolcon.colcon_core.shell[0m [1;30mINFO[0m Creating environment hook '/home/vincent/autonomy-monorepo/airside_prec/install/engine/share/engine/hook/pythonpath.sh'
[2.326s] [34mcolcon.colcon_core.environment[0m [1;30mLevel 1[0m checking '/home/vincent/autonomy-monorepo/airside_prec/install/engine/bin'
[2.326s] [34mcolcon.colcon_core.environment[0m [1;30mLevel 1[0m create_environment_scripts_only(engine)
[2.326s] [34mcolcon.colcon_core.shell[0m [1;30mINFO[0m Creating package script '/home/vincent/autonomy-monorepo/airside_prec/install/engine/share/engine/package.ps1'
[2.327s] [34mcolcon.colcon_core.shell[0m [1;30mINFO[0m Creating package descriptor '/home/vincent/autonomy-monorepo/airside_prec/install/engine/share/engine/package.dsv'
[2.328s] [34mcolcon.colcon_core.shell[0m [1;30mINFO[0m Creating package script '/home/vincent/autonomy-monorepo/airside_prec/install/engine/share/engine/package.sh'
[2.329s] [34mcolcon.colcon_core.shell[0m [1;30mINFO[0m Creating package script '/home/vincent/autonomy-monorepo/airside_prec/install/engine/share/engine/package.bash'
[2.330s] [34mcolcon.colcon_core.shell[0m [1;30mINFO[0m Creating package script '/home/vincent/autonomy-monorepo/airside_prec/install/engine/share/engine/package.zsh'
[2.331s] [34mcolcon.colcon_core.environment[0m [1;30mLevel 1[0m create_file_with_runtime_dependencies(/home/vincent/autonomy-monorepo/airside_prec/install/engine/share/colcon-core/packages/engine)
[2.331s] [34mcolcon.colcon_parallel_executor.executor.parallel[0m [1;30mDEBUG[0m [32mclosing loop[0m
[2.332s] [34mcolcon.colcon_parallel_executor.executor.parallel[0m [1;30mDEBUG[0m [32mloop closed[0m
[2.332s] [34mcolcon.colcon_parallel_executor.executor.parallel[0m [1;30mDEBUG[0m [32mrun_until_complete finished with '0'[0m
[2.333s] [34mcolcon.colcon_core.event_reactor[0m [1;30mDEBUG[0m [32mjoining thread[0m
[2.336s] [34mcolcon.colcon_core.event_reactor[0m [1;30mDEBUG[0m [32mjoined thread[0m
[2.336s] [34mcolcon.colcon_core.shell[0m [1;30mINFO[0m Creating prefix script '/home/vincent/autonomy-monorepo/airside_prec/install/local_setup.ps1'
[2.340s] [34mcolcon.colcon_core.shell[0m [1;30mINFO[0m Creating prefix util module '/home/vincent/autonomy-monorepo/airside_prec/install/_local_setup_util_ps1.py'
[2.341s] [34mcolcon.colcon_core.shell[0m [1;30mINFO[0m Creating prefix chain script '/home/vincent/autonomy-monorepo/airside_prec/install/setup.ps1'
[2.342s] [34mcolcon.colcon_core.shell[0m [1;30mINFO[0m Creating prefix script '/home/vincent/autonomy-monorepo/airside_prec/install/local_setup.sh'
[2.343s] [34mcolcon.colcon_core.shell[0m [1;30mINFO[0m Creating prefix util module '/home/vincent/autonomy-monorepo/airside_prec/install/_local_setup_util_sh.py'
[2.344s] [34mcolcon.colcon_core.shell[0m [1;30mINFO[0m Creating prefix chain script '/home/vincent/autonomy-monorepo/airside_prec/install/setup.sh'
[2.345s] [34mcolcon.colcon_core.shell[0m [1;30mINFO[0m Creating prefix script '/home/vincent/autonomy-monorepo/airside_prec/install/local_setup.bash'
[2.345s] [34mcolcon.colcon_core.shell[0m [1;30mINFO[0m Creating prefix chain script '/home/vincent/autonomy-monorepo/airside_prec/install/setup.bash'
[2.347s] [34mcolcon.colcon_core.shell[0m [1;30mINFO[0m Creating prefix script '/home/vincent/autonomy-monorepo/airside_prec/install/local_setup.zsh'
[2.350s] [34mcolcon.colcon_core.shell[0m [1;30mINFO[0m Creating prefix chain script '/home/vincent/autonomy-monorepo/airside_prec/install/setup.zsh'
