running develop
running egg_info
creating wrapper.egg-info
writing wrapper.egg-info/PKG-INFO
writing dependency_links to wrapper.egg-info/dependency_links.txt
writing entry points to wrapper.egg-info/entry_points.txt
writing requirements to wrapper.egg-info/requires.txt
writing top-level names to wrapper.egg-info/top_level.txt
writing manifest file 'wrapper.egg-info/SOURCES.txt'
reading manifest file 'wrapper.egg-info/SOURCES.txt'
writing manifest file 'wrapper.egg-info/SOURCES.txt'
running build_ext
Creating /home/vincent/autonomy-monorepo/airside_prec/install/wrapper/lib/python3.11/site-packages/wrapper.egg-link (link to .)
Installing camera script to /home/vincent/autonomy-monorepo/airside_prec/install/wrapper/lib/wrapper

Installed /home/vincent/autonomy-monorepo/airside_prec/build/wrapper
running symlink_data
creating /home/vincent/autonomy-monorepo/airside_prec/install/wrapper/share/ament_index
creating /home/vincent/autonomy-monorepo/airside_prec/install/wrapper/share/ament_index/resource_index
creating /home/vincent/autonomy-monorepo/airside_prec/install/wrapper/share/ament_index/resource_index/packages
symbolically linking /home/vincent/autonomy-monorepo/airside_prec/build/wrapper/resource/wrapper -> /home/vincent/autonomy-monorepo/airside_prec/install/wrapper/share/ament_index/resource_index/packages
symbolically linking /home/vincent/autonomy-monorepo/airside_prec/build/wrapper/package.xml -> /home/vincent/autonomy-monorepo/airside_prec/install/wrapper/share/wrapper
