[0.612s] Invoking command in '/home/vincent/autonomy-monorepo/airside_prec/build/wrapper': CONDA_PROMPT_MODIFIER=(ros_env) DEBUGINFOD_URLS=https://debuginfod.ubuntu.com PYTHONPATH=/home/vincent/autonomy-monorepo/airside_prec/build/wrapper/prefix_override:/home/vincent/miniforge3/envs/ros_env/lib/python3.11/site-packages/colcon_core/task/python/colcon_distutils_commands:/home/vincent/autonomy-monorepo/airside_prec/install/wrapper/lib/python3.11/site-packages:${PYTHONPATH} /home/vincent/miniforge3/envs/ros_env/bin/python3.11 -W ignore:setup.py install is deprecated -W ignore:easy_install command is deprecated setup.py develop --editable --build-directory /home/vincent/autonomy-monorepo/airside_prec/build/wrapper/build --no-deps symlink_data
[0.758s] running develop
[0.847s] running egg_info
[0.847s] creating wrapper.egg-info
[0.848s] writing wrapper.egg-info/PKG-INFO
[0.849s] writing dependency_links to wrapper.egg-info/dependency_links.txt
[0.849s] writing entry points to wrapper.egg-info/entry_points.txt
[0.849s] writing requirements to wrapper.egg-info/requires.txt
[0.849s] writing top-level names to wrapper.egg-info/top_level.txt
[0.849s] writing manifest file 'wrapper.egg-info/SOURCES.txt'
[0.850s] reading manifest file 'wrapper.egg-info/SOURCES.txt'
[0.851s] writing manifest file 'wrapper.egg-info/SOURCES.txt'
[0.851s] running build_ext
[0.851s] Creating /home/vincent/autonomy-monorepo/airside_prec/install/wrapper/lib/python3.11/site-packages/wrapper.egg-link (link to .)
[0.851s] Installing camera script to /home/vincent/autonomy-monorepo/airside_prec/install/wrapper/lib/wrapper
[0.851s] 
[0.851s] Installed /home/vincent/autonomy-monorepo/airside_prec/build/wrapper
[0.851s] running symlink_data
[0.851s] creating /home/vincent/autonomy-monorepo/airside_prec/install/wrapper/share/ament_index
[0.851s] creating /home/vincent/autonomy-monorepo/airside_prec/install/wrapper/share/ament_index/resource_index
[0.851s] creating /home/vincent/autonomy-monorepo/airside_prec/install/wrapper/share/ament_index/resource_index/packages
[0.852s] symbolically linking /home/vincent/autonomy-monorepo/airside_prec/build/wrapper/resource/wrapper -> /home/vincent/autonomy-monorepo/airside_prec/install/wrapper/share/ament_index/resource_index/packages
[0.852s] symbolically linking /home/vincent/autonomy-monorepo/airside_prec/build/wrapper/package.xml -> /home/vincent/autonomy-monorepo/airside_prec/install/wrapper/share/wrapper
[0.892s] Invoked command in '/home/vincent/autonomy-monorepo/airside_prec/build/wrapper' returned '0': CONDA_PROMPT_MODIFIER=(ros_env) DEBUGINFOD_URLS=https://debuginfod.ubuntu.com PYTHONPATH=/home/vincent/autonomy-monorepo/airside_prec/build/wrapper/prefix_override:/home/vincent/miniforge3/envs/ros_env/lib/python3.11/site-packages/colcon_core/task/python/colcon_distutils_commands:/home/vincent/autonomy-monorepo/airside_prec/install/wrapper/lib/python3.11/site-packages:${PYTHONPATH} /home/vincent/miniforge3/envs/ros_env/bin/python3.11 -W ignore:setup.py install is deprecated -W ignore:easy_install command is deprecated setup.py develop --editable --build-directory /home/vincent/autonomy-monorepo/airside_prec/build/wrapper/build --no-deps symlink_data
