[0.742s] Invoking command in '/home/vincent/autonomy-monorepo/airside_prec/src/wrapper': CONDA_PROMPT_MODIFIER=(ros_env) DEBUGINFOD_URLS=https://debuginfod.ubuntu.com PYTHONPATH=/home/vincent/autonomy-monorepo/airside_prec/build/wrapper/prefix_override:/home/vincent/miniforge3/envs/ros_env/lib/python3.11/site-packages/colcon_core/task/python/colcon_distutils_commands:/home/vincent/autonomy-monorepo/airside_prec/install/wrapper/lib/python3.11/site-packages:${PYTHONPATH} /home/vincent/miniforge3/envs/ros_env/bin/python3.11 -W ignore:setup.py install is deprecated -W ignore:easy_install command is deprecated setup.py egg_info --egg-base ../../build/wrapper build --build-base /home/vincent/autonomy-monorepo/airside_prec/build/wrapper/build install --record /home/vincent/autonomy-monorepo/airside_prec/build/wrapper/install.log --single-version-externally-managed install_data
[0.855s] running egg_info
[0.855s] writing ../../build/wrapper/wrapper.egg-info/PKG-INFO
[0.857s] writing dependency_links to ../../build/wrapper/wrapper.egg-info/dependency_links.txt
[0.857s] writing entry points to ../../build/wrapper/wrapper.egg-info/entry_points.txt
[0.858s] writing requirements to ../../build/wrapper/wrapper.egg-info/requires.txt
[0.858s] writing top-level names to ../../build/wrapper/wrapper.egg-info/top_level.txt
[0.859s] reading manifest file '../../build/wrapper/wrapper.egg-info/SOURCES.txt'
[0.860s] writing manifest file '../../build/wrapper/wrapper.egg-info/SOURCES.txt'
[0.860s] running build
[0.860s] running build_py
[0.862s] copying wrapper/comms.py -> /home/vincent/autonomy-monorepo/airside_prec/build/wrapper/build/lib/wrapper
[0.864s] running install
[0.865s] running install_lib
[0.866s] copying /home/vincent/autonomy-monorepo/airside_prec/build/wrapper/build/lib/wrapper/comms.py -> /home/vincent/autonomy-monorepo/airside_prec/install/wrapper/lib/python3.11/site-packages/wrapper
[0.866s] byte-compiling /home/vincent/autonomy-monorepo/airside_prec/install/wrapper/lib/python3.11/site-packages/wrapper/comms.py to comms.cpython-311.pyc
[0.867s] running install_data
[0.868s] running install_egg_info
[0.869s] removing '/home/vincent/autonomy-monorepo/airside_prec/install/wrapper/lib/python3.11/site-packages/wrapper-0.1.0-py3.11.egg-info' (and everything under it)
[0.873s] Copying ../../build/wrapper/wrapper.egg-info to /home/vincent/autonomy-monorepo/airside_prec/install/wrapper/lib/python3.11/site-packages/wrapper-0.1.0-py3.11.egg-info
[0.873s] running install_scripts
[0.882s] Installing camera script to /home/vincent/autonomy-monorepo/airside_prec/install/wrapper/lib/wrapper
[0.883s] Installing mavros_comms script to /home/vincent/autonomy-monorepo/airside_prec/install/wrapper/lib/wrapper
[0.883s] writing list of installed files to '/home/vincent/autonomy-monorepo/airside_prec/build/wrapper/install.log'
[0.902s] Invoked command in '/home/vincent/autonomy-monorepo/airside_prec/src/wrapper' returned '0': CONDA_PROMPT_MODIFIER=(ros_env) DEBUGINFOD_URLS=https://debuginfod.ubuntu.com PYTHONPATH=/home/vincent/autonomy-monorepo/airside_prec/build/wrapper/prefix_override:/home/vincent/miniforge3/envs/ros_env/lib/python3.11/site-packages/colcon_core/task/python/colcon_distutils_commands:/home/vincent/autonomy-monorepo/airside_prec/install/wrapper/lib/python3.11/site-packages:${PYTHONPATH} /home/vincent/miniforge3/envs/ros_env/bin/python3.11 -W ignore:setup.py install is deprecated -W ignore:easy_install command is deprecated setup.py egg_info --egg-base ../../build/wrapper build --build-base /home/vincent/autonomy-monorepo/airside_prec/build/wrapper/build install --record /home/vincent/autonomy-monorepo/airside_prec/build/wrapper/install.log --single-version-externally-managed install_data
