running develop
Removing /home/vincent/autonomy-monorepo/airside_prec/install/engine/lib/python3.11/site-packages/engine.egg-link (link to .)
running egg_info
writing ../../build/engine/engine.egg-info/PKG-INFO
writing dependency_links to ../../build/engine/engine.egg-info/dependency_links.txt
writing entry points to ../../build/engine/engine.egg-info/entry_points.txt
writing requirements to ../../build/engine/engine.egg-info/requires.txt
writing top-level names to ../../build/engine/engine.egg-info/top_level.txt
reading manifest file '../../build/engine/engine.egg-info/SOURCES.txt'
writing manifest file '../../build/engine/engine.egg-info/SOURCES.txt'
running build
running build_py
creating /home/vincent/autonomy-monorepo/airside_prec/build/engine/build
creating /home/vincent/autonomy-monorepo/airside_prec/build/engine/build/lib
creating /home/vincent/autonomy-monorepo/airside_prec/build/engine/build/lib/engine
copying engine/manager.py -> /home/vincent/autonomy-monorepo/airside_prec/build/engine/build/lib/engine
copying engine/__init__.py -> /home/vincent/autonomy-monorepo/airside_prec/build/engine/build/lib/engine
running install
running install_lib
creating /home/vincent/autonomy-monorepo/airside_prec/install/engine/lib/python3.11/site-packages/engine
copying /home/vincent/autonomy-monorepo/airside_prec/build/engine/build/lib/engine/manager.py -> /home/vincent/autonomy-monorepo/airside_prec/install/engine/lib/python3.11/site-packages/engine
copying /home/vincent/autonomy-monorepo/airside_prec/build/engine/build/lib/engine/__init__.py -> /home/vincent/autonomy-monorepo/airside_prec/install/engine/lib/python3.11/site-packages/engine
byte-compiling /home/vincent/autonomy-monorepo/airside_prec/install/engine/lib/python3.11/site-packages/engine/manager.py to manager.cpython-311.pyc
byte-compiling /home/vincent/autonomy-monorepo/airside_prec/install/engine/lib/python3.11/site-packages/engine/__init__.py to __init__.cpython-311.pyc
running install_data
copying resource/engine -> /home/vincent/autonomy-monorepo/airside_prec/install/engine/share/ament_index/resource_index/packages
copying package.xml -> /home/vincent/autonomy-monorepo/airside_prec/install/engine/share/engine
copying launch/engine.launch.py -> /home/vincent/autonomy-monorepo/airside_prec/install/engine/share/engine/launch
copying ../apriltag.yaml -> /home/vincent/autonomy-monorepo/airside_prec/install/engine/share/engine
running install_egg_info
Copying ../../build/engine/engine.egg-info to /home/vincent/autonomy-monorepo/airside_prec/install/engine/lib/python3.11/site-packages/engine-0.1.0-py3.11.egg-info
running install_scripts
Installing apriltag script to /home/vincent/autonomy-monorepo/airside_prec/install/engine/lib/engine
Installing camera script to /home/vincent/autonomy-monorepo/airside_prec/install/engine/lib/engine
Installing manager script to /home/vincent/autonomy-monorepo/airside_prec/install/engine/lib/engine
Installing mavros_comms script to /home/vincent/autonomy-monorepo/airside_prec/install/engine/lib/engine
writing list of installed files to '/home/vincent/autonomy-monorepo/airside_prec/build/engine/install.log'
