[0.986s] Invoking command in '/home/vincent/autonomy-monorepo/airside_prec/build/engine': CONDA_PROMPT_MODIFIER=(ros_env) DEBUGINFOD_URLS=https://debuginfod.ubuntu.com PYTHONPATH=/home/vincent/autonomy-monorepo/airside_prec/build/engine/prefix_override:/home/vincent/miniforge3/envs/ros_env/lib/python3.11/site-packages/colcon_core/task/python/colcon_distutils_commands:/home/vincent/autonomy-monorepo/airside_prec/install/engine/lib/python3.11/site-packages:${PYTHONPATH} /home/vincent/miniforge3/envs/ros_env/bin/python3.11 -W ignore:setup.py install is deprecated -W ignore:easy_install command is deprecated setup.py develop --uninstall --editable --build-directory /home/vincent/autonomy-monorepo/airside_prec/build/engine/build
[1.243s] running develop
[1.436s] Removing /home/vincent/autonomy-monorepo/airside_prec/install/engine/lib/python3.11/site-packages/engine.egg-link (link to .)
[1.479s] Invoked command in '/home/vincent/autonomy-monorepo/airside_prec/build/engine' returned '0': CONDA_PROMPT_MODIFIER=(ros_env) DEBUGINFOD_URLS=https://debuginfod.ubuntu.com PYTHONPATH=/home/vincent/autonomy-monorepo/airside_prec/build/engine/prefix_override:/home/vincent/miniforge3/envs/ros_env/lib/python3.11/site-packages/colcon_core/task/python/colcon_distutils_commands:/home/vincent/autonomy-monorepo/airside_prec/install/engine/lib/python3.11/site-packages:${PYTHONPATH} /home/vincent/miniforge3/envs/ros_env/bin/python3.11 -W ignore:setup.py install is deprecated -W ignore:easy_install command is deprecated setup.py develop --uninstall --editable --build-directory /home/vincent/autonomy-monorepo/airside_prec/build/engine/build
[1.481s] Invoking command in '/home/vincent/autonomy-monorepo/airside_prec/src/engine': CONDA_PROMPT_MODIFIER=(ros_env) DEBUGINFOD_URLS=https://debuginfod.ubuntu.com PYTHONPATH=/home/vincent/autonomy-monorepo/airside_prec/build/engine/prefix_override:/home/vincent/miniforge3/envs/ros_env/lib/python3.11/site-packages/colcon_core/task/python/colcon_distutils_commands:/home/vincent/autonomy-monorepo/airside_prec/install/engine/lib/python3.11/site-packages:${PYTHONPATH} /home/vincent/miniforge3/envs/ros_env/bin/python3.11 -W ignore:setup.py install is deprecated -W ignore:easy_install command is deprecated setup.py egg_info --egg-base ../../build/engine build --build-base /home/vincent/autonomy-monorepo/airside_prec/build/engine/build install --record /home/vincent/autonomy-monorepo/airside_prec/build/engine/install.log --single-version-externally-managed install_data --force
[1.746s] running egg_info
[1.747s] writing ../../build/engine/engine.egg-info/PKG-INFO
[1.748s] writing dependency_links to ../../build/engine/engine.egg-info/dependency_links.txt
[1.752s] writing entry points to ../../build/engine/engine.egg-info/entry_points.txt
[1.753s] writing requirements to ../../build/engine/engine.egg-info/requires.txt
[1.753s] writing top-level names to ../../build/engine/engine.egg-info/top_level.txt
[1.756s] reading manifest file '../../build/engine/engine.egg-info/SOURCES.txt'
[1.758s] writing manifest file '../../build/engine/engine.egg-info/SOURCES.txt'
[1.758s] running build
[1.758s] running build_py
[1.758s] creating /home/vincent/autonomy-monorepo/airside_prec/build/engine/build
[1.759s] creating /home/vincent/autonomy-monorepo/airside_prec/build/engine/build/lib
[1.760s] creating /home/vincent/autonomy-monorepo/airside_prec/build/engine/build/lib/engine
[1.760s] copying engine/manager.py -> /home/vincent/autonomy-monorepo/airside_prec/build/engine/build/lib/engine
[1.763s] copying engine/__init__.py -> /home/vincent/autonomy-monorepo/airside_prec/build/engine/build/lib/engine
[1.763s] running install
[1.763s] running install_lib
[1.764s] creating /home/vincent/autonomy-monorepo/airside_prec/install/engine/lib/python3.11/site-packages/engine
[1.765s] copying /home/vincent/autonomy-monorepo/airside_prec/build/engine/build/lib/engine/manager.py -> /home/vincent/autonomy-monorepo/airside_prec/install/engine/lib/python3.11/site-packages/engine
[1.765s] copying /home/vincent/autonomy-monorepo/airside_prec/build/engine/build/lib/engine/__init__.py -> /home/vincent/autonomy-monorepo/airside_prec/install/engine/lib/python3.11/site-packages/engine
[1.765s] byte-compiling /home/vincent/autonomy-monorepo/airside_prec/install/engine/lib/python3.11/site-packages/engine/manager.py to manager.cpython-311.pyc
[1.766s] byte-compiling /home/vincent/autonomy-monorepo/airside_prec/install/engine/lib/python3.11/site-packages/engine/__init__.py to __init__.cpython-311.pyc
[1.767s] running install_data
[1.767s] copying resource/engine -> /home/vincent/autonomy-monorepo/airside_prec/install/engine/share/ament_index/resource_index/packages
[1.769s] copying package.xml -> /home/vincent/autonomy-monorepo/airside_prec/install/engine/share/engine
[1.769s] copying launch/engine.launch.py -> /home/vincent/autonomy-monorepo/airside_prec/install/engine/share/engine/launch
[1.770s] copying ../apriltag.yaml -> /home/vincent/autonomy-monorepo/airside_prec/install/engine/share/engine
[1.771s] running install_egg_info
[1.774s] Copying ../../build/engine/engine.egg-info to /home/vincent/autonomy-monorepo/airside_prec/install/engine/lib/python3.11/site-packages/engine-0.1.0-py3.11.egg-info
[1.776s] running install_scripts
[1.802s] Installing apriltag script to /home/vincent/autonomy-monorepo/airside_prec/install/engine/lib/engine
[1.803s] Installing camera script to /home/vincent/autonomy-monorepo/airside_prec/install/engine/lib/engine
[1.803s] Installing manager script to /home/vincent/autonomy-monorepo/airside_prec/install/engine/lib/engine
[1.803s] Installing mavros_comms script to /home/vincent/autonomy-monorepo/airside_prec/install/engine/lib/engine
[1.804s] writing list of installed files to '/home/vincent/autonomy-monorepo/airside_prec/build/engine/install.log'
[1.853s] Invoked command in '/home/vincent/autonomy-monorepo/airside_prec/src/engine' returned '0': CONDA_PROMPT_MODIFIER=(ros_env) DEBUGINFOD_URLS=https://debuginfod.ubuntu.com PYTHONPATH=/home/vincent/autonomy-monorepo/airside_prec/build/engine/prefix_override:/home/vincent/miniforge3/envs/ros_env/lib/python3.11/site-packages/colcon_core/task/python/colcon_distutils_commands:/home/vincent/autonomy-monorepo/airside_prec/install/engine/lib/python3.11/site-packages:${PYTHONPATH} /home/vincent/miniforge3/envs/ros_env/bin/python3.11 -W ignore:setup.py install is deprecated -W ignore:easy_install command is deprecated setup.py egg_info --egg-base ../../build/engine build --build-base /home/vincent/autonomy-monorepo/airside_prec/build/engine/build install --record /home/vincent/autonomy-monorepo/airside_prec/build/engine/install.log --single-version-externally-managed install_data --force
