[0.581s] Invoking command in '/home/vincent/autonomy-monorepo/airside_prec/src/wrapper': CONDA_PROMPT_MODIFIER=(ros_env) DEBUGINFOD_URLS=https://debuginfod.ubuntu.com PYTHONPATH=/home/vincent/autonomy-monorepo/airside_prec/build/wrapper/prefix_override:/home/vincent/miniforge3/envs/ros_env/lib/python3.11/site-packages/colcon_core/task/python/colcon_distutils_commands:/home/vincent/autonomy-monorepo/airside_prec/install/wrapper/lib/python3.11/site-packages:${PYTHONPATH} /home/vincent/miniforge3/envs/ros_env/bin/python3.11 -W ignore:setup.py install is deprecated -W ignore:easy_install command is deprecated setup.py egg_info --egg-base ../../build/wrapper build --build-base /home/vincent/autonomy-monorepo/airside_prec/build/wrapper/build install --record /home/vincent/autonomy-monorepo/airside_prec/build/wrapper/install.log --single-version-externally-managed install_data
[0.713s] running egg_info
[0.714s] writing ../../build/wrapper/wrapper.egg-info/PKG-INFO
[0.715s] writing dependency_links to ../../build/wrapper/wrapper.egg-info/dependency_links.txt
[0.715s] writing entry points to ../../build/wrapper/wrapper.egg-info/entry_points.txt
[0.715s] writing requirements to ../../build/wrapper/wrapper.egg-info/requires.txt
[0.715s] writing top-level names to ../../build/wrapper/wrapper.egg-info/top_level.txt
[0.717s] reading manifest file '../../build/wrapper/wrapper.egg-info/SOURCES.txt'
[0.717s] writing manifest file '../../build/wrapper/wrapper.egg-info/SOURCES.txt'
[0.717s] running build
[0.718s] running build_py
[0.718s] running install
[0.718s] running install_lib
[0.719s] running install_data
[0.720s] running install_egg_info
[0.723s] removing '/home/vincent/autonomy-monorepo/airside_prec/install/wrapper/lib/python3.11/site-packages/wrapper-0.1.0-py3.11.egg-info' (and everything under it)
[0.724s] Copying ../../build/wrapper/wrapper.egg-info to /home/vincent/autonomy-monorepo/airside_prec/install/wrapper/lib/python3.11/site-packages/wrapper-0.1.0-py3.11.egg-info
[0.725s] running install_scripts
[0.743s] Installing camera script to /home/vincent/autonomy-monorepo/airside_prec/install/wrapper/lib/wrapper
[0.743s] Installing mavros_comms script to /home/vincent/autonomy-monorepo/airside_prec/install/wrapper/lib/wrapper
[0.743s] writing list of installed files to '/home/vincent/autonomy-monorepo/airside_prec/build/wrapper/install.log'
[0.762s] Invoked command in '/home/vincent/autonomy-monorepo/airside_prec/src/wrapper' returned '0': CONDA_PROMPT_MODIFIER=(ros_env) DEBUGINFOD_URLS=https://debuginfod.ubuntu.com PYTHONPATH=/home/vincent/autonomy-monorepo/airside_prec/build/wrapper/prefix_override:/home/vincent/miniforge3/envs/ros_env/lib/python3.11/site-packages/colcon_core/task/python/colcon_distutils_commands:/home/vincent/autonomy-monorepo/airside_prec/install/wrapper/lib/python3.11/site-packages:${PYTHONPATH} /home/vincent/miniforge3/envs/ros_env/bin/python3.11 -W ignore:setup.py install is deprecated -W ignore:easy_install command is deprecated setup.py egg_info --egg-base ../../build/wrapper build --build-base /home/vincent/autonomy-monorepo/airside_prec/build/wrapper/build install --record /home/vincent/autonomy-monorepo/airside_prec/build/wrapper/install.log --single-version-externally-managed install_data
